Archive member included to satisfy reference by file (symbol)

C:/nxp/S32DS.3.4/S32DS/build_tools/gcc_b1620/gcc-6.3-arm32-eabi/arm-none-eabi/newlib/lib/thumb/v7e-m/fpv4-sp/hard\libc_nano.a(lib_a-exit.o)
                              C:/nxp/S32DS.3.4/S32DS/build_tools/gcc_b1620/gcc-6.3-arm32-eabi/arm-none-eabi/newlib/lib/thumb/v7e-m/fpv4-sp/hard/crt0.o (exit)
C:/nxp/S32DS.3.4/S32DS/build_tools/gcc_b1620/gcc-6.3-arm32-eabi/arm-none-eabi/newlib/lib/thumb/v7e-m/fpv4-sp/hard\libc_nano.a(lib_a-impure.o)
                              C:/nxp/S32DS.3.4/S32DS/build_tools/gcc_b1620/gcc-6.3-arm32-eabi/arm-none-eabi/newlib/lib/thumb/v7e-m/fpv4-sp/hard\libc_nano.a(lib_a-exit.o) (_global_impure_ptr)
C:/nxp/S32DS.3.4/S32DS/build_tools/gcc_b1620/gcc-6.3-arm32-eabi/arm-none-eabi/newlib/lib/thumb/v7e-m/fpv4-sp/hard\libc_nano.a(lib_a-init.o)
                              C:/nxp/S32DS.3.4/S32DS/build_tools/gcc_b1620/gcc-6.3-arm32-eabi/arm-none-eabi/newlib/lib/thumb/v7e-m/fpv4-sp/hard/crt0.o (__libc_init_array)
C:/nxp/S32DS.3.4/S32DS/build_tools/gcc_b1620/gcc-6.3-arm32-eabi/arm-none-eabi/newlib/lib/thumb/v7e-m/fpv4-sp/hard\libc_nano.a(lib_a-memset.o)
                              C:/nxp/S32DS.3.4/S32DS/build_tools/gcc_b1620/gcc-6.3-arm32-eabi/arm-none-eabi/newlib/lib/thumb/v7e-m/fpv4-sp/hard/crt0.o (memset)
C:/nxp/S32DS.3.4/S32DS/build_tools/gcc_b1620/gcc-6.3-arm32-eabi/arm-none-eabi/newlib/lib/thumb/v7e-m/fpv4-sp/hard\libc_nano.a(lib_a-sprintf.o)
                              ./src/main.o (sprintf)
C:/nxp/S32DS.3.4/S32DS/build_tools/gcc_b1620/gcc-6.3-arm32-eabi/arm-none-eabi/newlib/lib/thumb/v7e-m/fpv4-sp/hard\libc_nano.a(lib_a-nano-svfprintf.o)
                              C:/nxp/S32DS.3.4/S32DS/build_tools/gcc_b1620/gcc-6.3-arm32-eabi/arm-none-eabi/newlib/lib/thumb/v7e-m/fpv4-sp/hard\libc_nano.a(lib_a-sprintf.o) (_svfprintf_r)
C:/nxp/S32DS.3.4/S32DS/build_tools/gcc_b1620/gcc-6.3-arm32-eabi/arm-none-eabi/newlib/lib/thumb/v7e-m/fpv4-sp/hard\libc_nano.a(lib_a-nano-vfprintf_i.o)
                              C:/nxp/S32DS.3.4/S32DS/build_tools/gcc_b1620/gcc-6.3-arm32-eabi/arm-none-eabi/newlib/lib/thumb/v7e-m/fpv4-sp/hard\libc_nano.a(lib_a-nano-svfprintf.o) (_printf_i)
C:/nxp/S32DS.3.4/S32DS/build_tools/gcc_b1620/gcc-6.3-arm32-eabi/arm-none-eabi/newlib/lib/thumb/v7e-m/fpv4-sp/hard\libc_nano.a(lib_a-memchr.o)
                              C:/nxp/S32DS.3.4/S32DS/build_tools/gcc_b1620/gcc-6.3-arm32-eabi/arm-none-eabi/newlib/lib/thumb/v7e-m/fpv4-sp/hard\libc_nano.a(lib_a-nano-svfprintf.o) (memchr)
C:/nxp/S32DS.3.4/S32DS/build_tools/gcc_b1620/gcc-6.3-arm32-eabi/arm-none-eabi/newlib/lib/thumb/v7e-m/fpv4-sp/hard\libc_nano.a(lib_a-memcpy-stub.o)
                              C:/nxp/S32DS.3.4/S32DS/build_tools/gcc_b1620/gcc-6.3-arm32-eabi/arm-none-eabi/newlib/lib/thumb/v7e-m/fpv4-sp/hard\libc_nano.a(lib_a-nano-svfprintf.o) (memcpy)
C:/nxp/S32DS.3.4/S32DS/build_tools/gcc_b1620/gcc-6.3-arm32-eabi/arm-none-eabi/newlib/lib/thumb/v7e-m/fpv4-sp/hard\libc_nano.a(lib_a-memmove.o)
                              C:/nxp/S32DS.3.4/S32DS/build_tools/gcc_b1620/gcc-6.3-arm32-eabi/arm-none-eabi/newlib/lib/thumb/v7e-m/fpv4-sp/hard\libc_nano.a(lib_a-nano-svfprintf.o) (memmove)
C:/nxp/S32DS.3.4/S32DS/build_tools/gcc_b1620/gcc-6.3-arm32-eabi/arm-none-eabi/newlib/lib/thumb/v7e-m/fpv4-sp/hard\libc_nano.a(lib_a-nano-freer.o)
                              C:/nxp/S32DS.3.4/S32DS/build_tools/gcc_b1620/gcc-6.3-arm32-eabi/arm-none-eabi/newlib/lib/thumb/v7e-m/fpv4-sp/hard\libc_nano.a(lib_a-nano-svfprintf.o) (_free_r)
C:/nxp/S32DS.3.4/S32DS/build_tools/gcc_b1620/gcc-6.3-arm32-eabi/arm-none-eabi/newlib/lib/thumb/v7e-m/fpv4-sp/hard\libc_nano.a(lib_a-nano-mallocr.o)
                              C:/nxp/S32DS.3.4/S32DS/build_tools/gcc_b1620/gcc-6.3-arm32-eabi/arm-none-eabi/newlib/lib/thumb/v7e-m/fpv4-sp/hard\libc_nano.a(lib_a-nano-svfprintf.o) (_malloc_r)
C:/nxp/S32DS.3.4/S32DS/build_tools/gcc_b1620/gcc-6.3-arm32-eabi/arm-none-eabi/newlib/lib/thumb/v7e-m/fpv4-sp/hard\libc_nano.a(lib_a-nano-reallocr.o)
                              C:/nxp/S32DS.3.4/S32DS/build_tools/gcc_b1620/gcc-6.3-arm32-eabi/arm-none-eabi/newlib/lib/thumb/v7e-m/fpv4-sp/hard\libc_nano.a(lib_a-nano-svfprintf.o) (_realloc_r)
C:/nxp/S32DS.3.4/S32DS/build_tools/gcc_b1620/gcc-6.3-arm32-eabi/arm-none-eabi/newlib/lib/thumb/v7e-m/fpv4-sp/hard\libc_nano.a(lib_a-sbrkr.o)
                              C:/nxp/S32DS.3.4/S32DS/build_tools/gcc_b1620/gcc-6.3-arm32-eabi/arm-none-eabi/newlib/lib/thumb/v7e-m/fpv4-sp/hard\libc_nano.a(lib_a-nano-mallocr.o) (_sbrk_r)
C:/nxp/S32DS.3.4/S32DS/build_tools/gcc_b1620/gcc-6.3-arm32-eabi/arm-none-eabi/newlib/lib/thumb/v7e-m/fpv4-sp/hard\libc_nano.a(lib_a-mlock.o)
                              C:/nxp/S32DS.3.4/S32DS/build_tools/gcc_b1620/gcc-6.3-arm32-eabi/arm-none-eabi/newlib/lib/thumb/v7e-m/fpv4-sp/hard\libc_nano.a(lib_a-nano-freer.o) (__malloc_lock)
[...]
Memory Configuration

Name             Origin             Length             Attributes
m_interrupts     0x00000000         0x00000400         xr
m_flash_config   0x00000400         0x00000010         xr
m_text           0x00000410         0x0007fbf0         xr
m_data           0x1fff8000         0x00008000         rw
m_data_2         0x20000000         0x00007000         rw
*default*        0x00000000         0xffffffff

Linker script and memory map

LOAD c:/nxp/s32ds.3.4/s32ds/build_tools/gcc_v6.3/gcc-6.3-arm32-eabi/bin/../lib/gcc/arm-none-eabi/6.3.1/thumb/v7e-m/fpv4-sp/hard/crti.o
LOAD c:/nxp/s32ds.3.4/s32ds/build_tools/gcc_v6.3/gcc-6.3-arm32-eabi/bin/../lib/gcc/arm-none-eabi/6.3.1/thumb/v7e-m/fpv4-sp/hard/crtbegin.o
LOAD C:/nxp/S32DS.3.4/S32DS/build_tools/gcc_b1620/gcc-6.3-arm32-eabi/arm-none-eabi/newlib/lib/thumb/v7e-m/fpv4-sp/hard/crt0.o
LOAD ./Project_Settings/Startup_Code/startup_S32K144.o
LOAD ./SDK/platform/devices/S32K144/startup/system_S32K144.o
LOAD ./SDK/platform/devices/startup.o
LOAD ./SDK/platform/drivers/src/clock/S32K1xx/clock_S32K1xx.o
LOAD ./SDK/platform/drivers/src/interrupt/interrupt_manager.o
LOAD ./SDK/platform/drivers/src/pins/pins_driver.o
LOAD ./SDK/platform/drivers/src/pins/pins_port_hw_access.o
LOAD ./board/clock_config.o
LOAD ./board/pin_mux.o
LOAD ./src/CAN.o
LOAD ./src/FTM.o
LOAD ./src/GPIO.o
LOAD ./src/LPIT.o
LOAD ./src/Middleware.o
LOAD ./src/PORT.o
LOAD ./src/UART.o
LOAD ./src/clock_and_mode.o
LOAD ./src/main.o
START GROUP
LOAD c:/nxp/s32ds.3.4/s32ds/build_tools/gcc_v6.3/gcc-6.3-arm32-eabi/bin/../lib/gcc/arm-none-eabi/6.3.1/thumb/v7e-m/fpv4-sp/hard\libgcc.a
LOAD C:/nxp/S32DS.3.4/S32DS/build_tools/gcc_b1620/gcc-6.3-arm32-eabi/arm-none-eabi/newlib/lib/thumb/v7e-m/fpv4-sp/hard\libc_nano.a
END GROUP
START GROUP
LOAD c:/nxp/s32ds.3.4/s32ds/build_tools/gcc_v6.3/gcc-6.3-arm32-eabi/bin/../lib/gcc/arm-none-eabi/6.3.1/thumb/v7e-m/fpv4-sp/hard\libgcc.a
LOAD C:/nxp/S32DS.3.4/S32DS/build_tools/gcc_b1620/gcc-6.3-arm32-eabi/arm-none-eabi/newlib/lib/thumb/v7e-m/fpv4-sp/hard\libc_nano.a
LOAD C:/nxp/S32DS.3.4/S32DS/build_tools/gcc_b1620/gcc-6.3-arm32-eabi/arm-none-eabi/newlib/lib/thumb/v7e-m/fpv4-sp/hard\libnosys.a
END GROUP
START GROUP
LOAD c:/nxp/s32ds.3.4/s32ds/build_tools/gcc_v6.3/gcc-6.3-arm32-eabi/bin/../lib/gcc/arm-none-eabi/6.3.1/thumb/v7e-m/fpv4-sp/hard\libgcc.a
LOAD C:/nxp/S32DS.3.4/S32DS/build_tools/gcc_b1620/gcc-6.3-arm32-eabi/arm-none-eabi/newlib/lib/thumb/v7e-m/fpv4-sp/hard\libc_nano.a
LOAD C:/nxp/S32DS.3.4/S32DS/build_tools/gcc_b1620/gcc-6.3-arm32-eabi/arm-none-eabi/newlib/lib/thumb/v7e-m/fpv4-sp/hard\libnosys.a
END GROUP
LOAD c:/nxp/s32ds.3.4/s32ds/build_tools/gcc_v6.3/gcc-6.3-arm32-eabi/bin/../lib/gcc/arm-none-eabi/6.3.1/thumb/v7e-m/fpv4-sp/hard/crtend.o
LOAD c:/nxp/s32ds.3.4/s32ds/build_tools/gcc_v6.3/gcc-6.3-arm32-eabi/bin/../lib/gcc/arm-none-eabi/6.3.1/thumb/v7e-m/fpv4-sp/hard/crtn.o
                0x00000400                HEAP_SIZE = DEFINED (__heap_size__)?__heap_size__:0x400
                0x00000400                STACK_SIZE = DEFINED (__stack_size__)?__stack_size__:0x400
                0x00000400                M_VECTOR_RAM_SIZE = DEFINED (__flash_vector_table__)?0x0:0x400

.interrupts     0x00000000      0x400
                0x00000000                __VECTOR_TABLE = .
                0x00000000                __interrupts_start__ = .
                0x00000000                . = ALIGN (0x4)
 *(.isr_vector)
 .isr_vector    0x00000000      0x400 ./Project_Settings/Startup_Code/startup_S32K144.o
                0x00000000                __isr_vector
                0x00000400                __interrupts_end__ = .
                0x00000400                . = ALIGN (0x4)

.flash_config   0x00000400       0x10
                0x00000400                . = ALIGN (0x4)
 *(.FlashConfig)
 .FlashConfig   0x00000400       0x10 ./Project_Settings/Startup_Code/startup_S32K144.o
                0x00000410                . = ALIGN (0x4)

.text           0x00000410     0x16ac
                0x00000410                . = ALIGN (0x4)
 *(.text)
 .text          0x00000410       0x6c ./Project_Settings/Startup_Code/startup_S32K144.o
                0x00000410                Reset_Handler
                0x00000478                DebugMon_Handler
                0x00000478                Reserved88_IRQHandler
                0x00000478                CAN0_ORed_IRQHandler
                0x00000478                HardFault_Handler
                0x00000478                Reserved86_IRQHandler
                0x00000478                Reserved103_IRQHandler
                0x00000478                SysTick_Handler
                0x00000478                FTM2_Ovf_Reload_IRQHandler
                0x00000478                Reserved50_IRQHandler
                0x00000478                FTFC_Fault_IRQHandler
                0x00000478                FTM0_Ch6_Ch7_IRQHandler
                0x00000478                Reserved114_IRQHandler
                0x00000478                PendSV_Handler
                0x00000478                NMI_Handler
                0x00000478                Reserved89_IRQHandler
                0x00000478                ERM_double_fault_IRQHandler
                0x00000478                DMA2_IRQHandler
                0x00000478                Reserved59_IRQHandler
                0x00000478                LPIT0_Ch0_IRQHandler
                0x00000478                Reserved99_IRQHandler
                0x00000478                FTM3_Ch6_Ch7_IRQHandler
                0x00000478                CAN2_ORed_0_15_MB_IRQHandler
                0x00000478                LPIT0_Ch3_IRQHandler
                0x00000478                Reserved92_IRQHandler
                0x00000478                FTM0_Ch4_Ch5_IRQHandler
                0x00000478                CAN1_Error_IRQHandler
                0x00000478                FTM3_Ch0_Ch1_IRQHandler
                0x00000478                SWI_IRQHandler
                0x00000478                ADC0_IRQHandler
                0x00000478                FTM2_Ch4_Ch5_IRQHandler
                0x00000478                UsageFault_Handler
                0x00000478                FTM0_Ovf_Reload_IRQHandler
                0x00000478                DefaultISR
                0x00000478                DMA9_IRQHandler
                0x00000478                Reserved58_IRQHandler
                0x00000478                CAN1_ORed_0_15_MB_IRQHandler
                0x00000478                FTM1_Ch2_Ch3_IRQHandler
                0x00000478                DMA14_IRQHandler
                0x00000478                Reserved82_IRQHandler
                0x00000478                CAN0_ORed_16_31_MB_IRQHandler
                0x00000478                LPI2C0_Slave_IRQHandler
                0x00000478                Reserved71_IRQHandler
                0x00000478                PORTD_IRQHandler
                0x00000478                Reserved69_IRQHandler
                0x00000478                PORTB_IRQHandler
                0x00000478                Reserved70_IRQHandler
                0x00000478                ADC1_IRQHandler
                0x00000478                FTM2_Ch2_Ch3_IRQHandler
                0x00000478                Reserved53_IRQHandler
                0x00000478                DMA5_IRQHandler
                0x00000478                RTC_IRQHandler
                0x00000478                PDB0_IRQHandler
                0x00000478                Reserved54_IRQHandler
                0x00000478                FTM2_Ch6_Ch7_IRQHandler
                0x00000478                FTM3_Ch2_Ch3_IRQHandler
                0x00000478                FTM2_Ch0_Ch1_IRQHandler
                0x00000478                LPSPI1_IRQHandler
                0x00000478                LPUART1_RxTx_IRQHandler
                0x00000478                RTC_Seconds_IRQHandler
                0x00000478                CAN2_ORed_IRQHandler
                0x00000478                Reserved72_IRQHandler
                0x00000478                Reserved110_IRQHandler
                0x00000478                DMA11_IRQHandler
                0x00000478                Reserved107_IRQHandler
                0x00000478                Read_Collision_IRQHandler
                0x00000478                CAN2_Error_IRQHandler
                0x00000478                FTFC_IRQHandler
                0x00000478                DMA7_IRQHandler
                0x00000478                FTM1_Ch6_Ch7_IRQHandler
                0x00000478                Reserved105_IRQHandler
                0x00000478                FTM1_Ch4_Ch5_IRQHandler
                0x00000478                FTM3_Ovf_Reload_IRQHandler
                0x00000478                LPUART2_RxTx_IRQHandler
                0x00000478                LPSPI0_IRQHandler
                0x00000478                WDOG_EWM_IRQHandler
                0x00000478                MemManage_Handler
                0x00000478                Reserved90_IRQHandler
                0x00000478                Reserved83_IRQHandler
                0x00000478                FTM0_Fault_IRQHandler
                0x00000478                Reserved48_IRQHandler
                0x00000478                SVC_Handler
                0x00000478                ERM_single_fault_IRQHandler
                0x00000478                FTM2_Fault_IRQHandler
                0x00000478                FTM0_Ch2_Ch3_IRQHandler
                0x00000478                DMA13_IRQHandler
                0x00000478                FTM0_Ch0_Ch1_IRQHandler
                0x00000478                FTM3_Fault_IRQHandler
                0x00000478                RCM_IRQHandler
                0x00000478                DMA3_IRQHandler
                0x00000478                Reserved100_IRQHandler
                0x00000478                DMA0_IRQHandler
                0x00000478                Reserved91_IRQHandler
                0x00000478                CAN1_ORed_IRQHandler
                0x00000478                DMA15_IRQHandler
                0x00000478                SCG_IRQHandler
                0x00000478                PDB1_IRQHandler
                0x00000478                Reserved81_IRQHandler
                0x00000478                Reserved46_IRQHandler
                0x00000478                Reserved45_IRQHandler
                0x00000478                CAN0_Error_IRQHandler
                0x00000478                Reserved112_IRQHandler
                0x00000478                LPI2C0_Master_IRQHandler
                0x00000478                DMA4_IRQHandler
                0x00000478                FTM1_Fault_IRQHandler
                0x00000478                Reserved106_IRQHandler
                0x00000478                DMA_Error_IRQHandler
                0x00000478                LVD_LVW_IRQHandler
                0x00000478                LPIT0_Ch2_IRQHandler
                0x00000478                PORTA_IRQHandler
                0x00000478                MCM_IRQHandler
                0x00000478                LPSPI2_IRQHandler
                0x00000478                DMA12_IRQHandler
                0x00000478                FTM3_Ch4_Ch5_IRQHandler
                0x00000478                PORTE_IRQHandler
                0x00000478                LPUART0_RxTx_IRQHandler
                0x00000478                LPTMR0_IRQHandler
                0x00000478                BusFault_Handler
                0x00000478                Reserved87_IRQHandler
                0x00000478                FTM1_Ovf_Reload_IRQHandler
                0x00000478                DMA8_IRQHandler
                0x00000478                Reserved93_IRQHandler
                0x00000478                DMA10_IRQHandler
                0x00000478                CAN0_Wake_Up_IRQHandler
                0x00000478                CMP0_IRQHandler
                0x00000478                Reserved52_IRQHandler
                0x00000478                DMA6_IRQHandler
                0x00000478                FTM1_Ch0_Ch1_IRQHandler
                0x00000478                FLEXIO_IRQHandler
                0x00000478                DMA1_IRQHandler
                0x00000478                Reserved113_IRQHandler
 *fill*         0x0000047c        0x4 
 .text          0x00000480       0xa0 C:/nxp/S32DS.3.4/S32DS/build_tools/gcc_b1620/gcc-6.3-arm32-eabi/arm-none-eabi/newlib/lib/thumb/v7e-m/fpv4-sp/hard\libc_nano.a(lib_a-memchr.o)
                0x00000480                memchr
 *(.text*)
 .text.SystemInit
                0x00000520       0x3c ./SDK/platform/devices/S32K144/startup/system_S32K144.o
                0x00000520                SystemInit
 .text.init_data_bss
                0x0000055c       0xd8 ./SDK/platform/devices/startup.o
                0x0000055c                init_data_bss
 .text.volatile_memcpy
                0x00000634       0x1e ./src/CAN.o
                0x00000634                volatile_memcpy
 *fill*         0x00000652        0x2 
 .text.initFlexcan
                0x00000654      0x160 ./src/CAN.o
                0x00000654                initFlexcan
 .text.can_txmsg
                0x000007b4       0x68 ./src/CAN.o
                0x000007b4                can_txmsg
 .text.send_CAN_message
                0x0000081c       0x28 ./src/CAN.o
                0x0000081c                send_CAN_message
 .text.can_set_rxisr
                0x00000844       0x18 ./src/CAN.o
                0x00000844                can_set_rxisr
 .text.can_rxbuff_init
                0x0000085c       0x38 ./src/CAN.o
                0x0000085c                can_rxbuff_init
 .text.can_get_buff_flag
                0x00000894       0x14 ./src/CAN.o
                0x00000894                can_get_buff_flag
 .text.can_clear_buff_flag
                0x000008a8       0x18 ./src/CAN.o
                0x000008a8                can_clear_buff_flag
 .text.can_rxmsg
                0x000008c0       0x5c ./src/CAN.o
                0x000008c0                can_rxmsg
 .text.init_PWM
                0x0000091c       0xac ./src/FTM.o
                0x0000091c                init_PWM
 .text.set_PWM  0x000009c8       0x80 ./src/FTM.o
                0x000009c8                set_PWM
 .text.start_PWM
                0x00000a48       0x14 ./src/FTM.o
                0x00000a48                start_PWM
 .text.stop_PWM
                0x00000a5c       0x14 ./src/FTM.o
                0x00000a5c                stop_PWM
 .text.GPIO_SetPin
                0x00000a70       0x16 ./src/GPIO.o
                0x00000a70                GPIO_SetPin
 .text.GPIO_ClearPin
                0x00000a86       0x16 ./src/GPIO.o
                0x00000a86                GPIO_ClearPin
 .text.myGPIO_Init
                0x00000a9c       0x44 ./src/GPIO.o
                0x00000a9c                myGPIO_Init
 .text.LPIT0_Init
                0x00000ae0       0x5c ./src/LPIT.o
                0x00000ae0                LPIT0_Init
 .text.Button_Init
                0x00000b3c       0xd8 ./src/Middleware.o
                0x00000b3c                Button_Init
 .text.myUART_Init
                0x00000c14       0x1e ./src/Middleware.o
                0x00000c14                myUART_Init
 .text.myCAN_Init
                0x00000c32       0x24 ./src/Middleware.o
                0x00000c32                myCAN_Init
 *fill*         0x00000c56        0x2 
 .text.myFTM_PWM_Init
                0x00000c58       0x40 ./src/Middleware.o
                0x00000c58                myFTM_PWM_Init
 .text.myPORT_PinInit
                0x00000c98       0xaa ./src/PORT.o
                0x00000c98                myPORT_PinInit
 *fill*         0x00000d42        0x2 
 .text.NVIC_EnableIRQ
                0x00000d44       0x54 ./src/PORT.o
                0x00000d44                NVIC_EnableIRQ
 .text.PORT_EXTI_Config
                0x00000d98       0x40 ./src/PORT.o
                0x00000d98                PORT_EXTI_Config
 .text.LPUART1_Init
                0x00000dd8      0x120 ./src/UART.o
                0x00000dd8                LPUART1_Init
 .text.LPUART1_Send_char
                0x00000ef8       0x30 ./src/UART.o
                0x00000ef8                LPUART1_Send_char
 .text.LPUART1_Send_string
                0x00000f28       0x16 ./src/UART.o
                0x00000f28                LPUART1_Send_string
 *fill*         0x00000f3e        0x2 
 .text.SOSC_init_8MHz
                0x00000f40       0x38 ./src/clock_and_mode.o
                0x00000f40                SOSC_init_8MHz
 .text.SPLL_init_160MHz
                0x00000f78       0x4c ./src/clock_and_mode.o
                0x00000f78                SPLL_init_160MHz
 .text.NormalRUNmode_80MHz
                0x00000fc4       0x1c ./src/clock_and_mode.o
                0x00000fc4                NormalRUNmode_80MHz
 .text.Clock_init
                0x00000fe0       0x10 ./src/clock_and_mode.o
                0x00000fe0                Clock_init
 .text.PORTC_IRQHandler
                0x00000ff0       0xd8 ./src/main.o
                0x00000ff0                PORTC_IRQHandler
 .text.LPIT0_Ch1_IRQHandler
                0x000010c8       0x3c ./src/main.o
                0x000010c8                LPIT0_Ch1_IRQHandler
 .text.CAN0_ORed_0_15_MB_IRQHandler
                0x00001104       0xc0 ./src/main.o
                0x00001104                CAN0_ORed_0_15_MB_IRQHandler
 .text.main     0x000011c4       0x48 ./src/main.o
                0x000011c4                main
 .text.sprintf  0x0000120c       0x48 C:/nxp/S32DS.3.4/S32DS/build_tools/gcc_b1620/gcc-6.3-arm32-eabi/arm-none-eabi/newlib/lib/thumb/v7e-m/fpv4-sp/hard\libc_nano.a(lib_a-sprintf.o)
                0x0000120c                siprintf
                0x0000120c                sprintf
 .text.__ssputs_r
                0x00001254       0xb6 C:/nxp/S32DS.3.4/S32DS/build_tools/gcc_b1620/gcc-6.3-arm32-eabi/arm-none-eabi/newlib/lib/thumb/v7e-m/fpv4-sp/hard\libc_nano.a(lib_a-nano-svfprintf.o)
                0x00001254                __ssputs_r
 *fill*         0x0000130a        0x2 
 .text._svfprintf_r
                0x0000130c      0x1ec C:/nxp/S32DS.3.4/S32DS/build_tools/gcc_b1620/gcc-6.3-arm32-eabi/arm-none-eabi/newlib/lib/thumb/v7e-m/fpv4-sp/hard\libc_nano.a(lib_a-nano-svfprintf.o)
                0x0000130c                _svfiprintf_r
                0x0000130c                _svfprintf_r
 .text._printf_common
                0x000014f8       0xec C:/nxp/S32DS.3.4/S32DS/build_tools/gcc_b1620/gcc-6.3-arm32-eabi/arm-none-eabi/newlib/lib/thumb/v7e-m/fpv4-sp/hard\libc_nano.a(lib_a-nano-vfprintf_i.o)
                0x000014f8                _printf_common
 .text._printf_i
                0x000015e4      0x240 C:/nxp/S32DS.3.4/S32DS/build_tools/gcc_b1620/gcc-6.3-arm32-eabi/arm-none-eabi/newlib/lib/thumb/v7e-m/fpv4-sp/hard\libc_nano.a(lib_a-nano-vfprintf_i.o)
                0x000015e4                _printf_i
 .text.memcpy   0x00001824       0x1c C:/nxp/S32DS.3.4/S32DS/build_tools/gcc_b1620/gcc-6.3-arm32-eabi/arm-none-eabi/newlib/lib/thumb/v7e-m/fpv4-sp/hard\libc_nano.a(lib_a-memcpy-stub.o)
                0x00001824                memcpy
 .text.memmove  0x00001840       0x34 C:/nxp/S32DS.3.4/S32DS/build_tools/gcc_b1620/gcc-6.3-arm32-eabi/arm-none-eabi/newlib/lib/thumb/v7e-m/fpv4-sp/hard\libc_nano.a(lib_a-memmove.o)
                0x00001840                memmove
 .text._free_r  0x00001874       0x9c C:/nxp/S32DS.3.4/S32DS/build_tools/gcc_b1620/gcc-6.3-arm32-eabi/arm-none-eabi/newlib/lib/thumb/v7e-m/fpv4-sp/hard\libc_nano.a(lib_a-nano-freer.o)
                0x00001874                _free_r
 .text._malloc_r
                0x00001910       0xbc C:/nxp/S32DS.3.4/S32DS/build_tools/gcc_b1620/gcc-6.3-arm32-eabi/arm-none-eabi/newlib/lib/thumb/v7e-m/fpv4-sp/hard\libc_nano.a(lib_a-nano-mallocr.o)
                0x00001910                _malloc_r
 .text._realloc_r
                0x000019cc       0x4c C:/nxp/S32DS.3.4/S32DS/build_tools/gcc_b1620/gcc-6.3-arm32-eabi/arm-none-eabi/newlib/lib/thumb/v7e-m/fpv4-sp/hard\libc_nano.a(lib_a-nano-reallocr.o)
                0x000019cc                _realloc_r
 .text._sbrk_r  0x00001a18       0x20 C:/nxp/S32DS.3.4/S32DS/build_tools/gcc_b1620/gcc-6.3-arm32-eabi/arm-none-eabi/newlib/lib/thumb/v7e-m/fpv4-sp/hard\libc_nano.a(lib_a-sbrkr.o)
                0x00001a18                _sbrk_r
 .text.__malloc_lock
                0x00001a38        0x2 C:/nxp/S32DS.3.4/S32DS/build_tools/gcc_b1620/gcc-6.3-arm32-eabi/arm-none-eabi/newlib/lib/thumb/v7e-m/fpv4-sp/hard\libc_nano.a(lib_a-mlock.o)
                0x00001a38                __malloc_lock
 .text.__malloc_unlock
                0x00001a3a        0x2 C:/nxp/S32DS.3.4/S32DS/build_tools/gcc_b1620/gcc-6.3-arm32-eabi/arm-none-eabi/newlib/lib/thumb/v7e-m/fpv4-sp/hard\libc_nano.a(lib_a-mlock.o)
                0x00001a3a                __malloc_unlock
 .text._malloc_usable_size_r
                0x00001a3c       0x12 C:/nxp/S32DS.3.4/S32DS/build_tools/gcc_b1620/gcc-6.3-arm32-eabi/arm-none-eabi/newlib/lib/thumb/v7e-m/fpv4-sp/hard\libc_nano.a(lib_a-nano-msizer.o)
                0x00001a3c                _malloc_usable_size_r
 *fill*         0x00001a4e        0x2 
 .text._sbrk    0x00001a50       0x1c C:/nxp/S32DS.3.4/S32DS/build_tools/gcc_b1620/gcc-6.3-arm32-eabi/arm-none-eabi/newlib/lib/thumb/v7e-m/fpv4-sp/hard\libnosys.a(sbrk.o)
                0x00001a50                _sbrk
 *(.rodata)
 *(.rodata*)
 .rodata.LPIT0_Ch1_IRQHandler.str1.4
                0x00001a6c       0x14 ./src/main.o
                                 0x12 (size before relaxing)
 .rodata._svfprintf_r.str1.1
                0x00001a80       0x11 C:/nxp/S32DS.3.4/S32DS/build_tools/gcc_b1620/gcc-6.3-arm32-eabi/arm-none-eabi/newlib/lib/thumb/v7e-m/fpv4-sp/hard\libc_nano.a(lib_a-nano-svfprintf.o)
 .rodata._printf_i.str1.1
                0x00001a91       0x22 C:/nxp/S32DS.3.4/S32DS/build_tools/gcc_b1620/gcc-6.3-arm32-eabi/arm-none-eabi/newlib/lib/thumb/v7e-m/fpv4-sp/hard\libc_nano.a(lib_a-nano-vfprintf_i.o)
 *(.init)
 *fill*         0x00001ab3        0x1 
 .init          0x00001ab4        0x4 c:/nxp/s32ds.3.4/s32ds/build_tools/gcc_v6.3/gcc-6.3-arm32-eabi/bin/../lib/gcc/arm-none-eabi/6.3.1/thumb/v7e-m/fpv4-sp/hard/crti.o
                0x00001ab4                _init
 *(.fini)
 .fini          0x00001ab8        0x4 c:/nxp/s32ds.3.4/s32ds/build_tools/gcc_v6.3/gcc-6.3-arm32-eabi/bin/../lib/gcc/arm-none-eabi/6.3.1/thumb/v7e-m/fpv4-sp/hard/crti.o
                0x00001ab8                _fini
 *(.eh_frame)
                0x00001abc                . = ALIGN (0x4)

.glue_7         0x00001abc        0x0
 .glue_7        0x00001abc        0x0 linker stubs

.glue_7t        0x00001abc        0x0
 .glue_7t       0x00001abc        0x0 linker stubs

.vfp11_veneer   0x00001abc        0x0
 .vfp11_veneer  0x00001abc        0x0 linker stubs

.v4_bx          0x00001abc        0x0
 .v4_bx         0x00001abc        0x0 linker stubs

.iplt           0x00001abc        0x0
 .iplt          0x00001abc        0x0 c:/nxp/s32ds.3.4/s32ds/build_tools/gcc_v6.3/gcc-6.3-arm32-eabi/bin/../lib/gcc/arm-none-eabi/6.3.1/thumb/v7e-m/fpv4-sp/hard/crtbegin.o

.rel.dyn        0x00001abc        0x0
 .rel.iplt      0x00001abc        0x0 c:/nxp/s32ds.3.4/s32ds/build_tools/gcc_v6.3/gcc-6.3-arm32-eabi/bin/../lib/gcc/arm-none-eabi/6.3.1/thumb/v7e-m/fpv4-sp/hard/crtbegin.o

.ARM            0x00001abc        0x0
                0x00001abc                __exidx_start = .
 *(.ARM.exidx*)
                0x00001abc                __exidx_end = .
                0x00001abc                __etext = .
                0x00001abc                __DATA_ROM = .

.interrupts_ram
                0x1fff8000      0x400
                0x1fff8000                . = ALIGN (0x4)
                0x1fff8000                __VECTOR_RAM__ = .
                0x1fff8000                __RAM_START = .
                0x1fff8000                __interrupts_ram_start__ = .
 *(.m_interrupts_ram)
                0x1fff8400                . = (. + M_VECTOR_RAM_SIZE)
 *fill*         0x1fff8000      0x400 
                0x1fff8400                . = ALIGN (0x4)
                0x1fff8400                __interrupts_ram_end__ = .
                0x1fff8000                __VECTOR_RAM = DEFINED (__flash_vector_table__)?ORIGIN (m_interrupts):__VECTOR_RAM__
                0x00000400                __RAM_VECTOR_TABLE_SIZE = DEFINED (__flash_vector_table__)?0x0:(__interrupts_ram_end__ - __interrupts_ram_start__)

.data           0x1fff8400       0x78 load address 0x00001abc
                0x1fff8400                . = ALIGN (0x4)
                0x1fff8400                __DATA_RAM = .
                0x1fff8400                __data_start__ = .
 *(.data)
 *(.data*)
 .data.FTM_MODULE
                0x1fff8400       0x10 ./src/FTM.o
                0x1fff8400                FTM_MODULE
 .data.duty_cycle
                0x1fff8410        0x1 ./src/main.o
                0x1fff8410                duty_cycle
 *fill*         0x1fff8411        0x3 
 .data._impure_ptr
                0x1fff8414        0x4 C:/nxp/S32DS.3.4/S32DS/build_tools/gcc_b1620/gcc-6.3-arm32-eabi/arm-none-eabi/newlib/lib/thumb/v7e-m/fpv4-sp/hard\libc_nano.a(lib_a-impure.o)
                0x1fff8414                _impure_ptr
 .data.impure_data
                0x1fff8418       0x60 C:/nxp/S32DS.3.4/S32DS/build_tools/gcc_b1620/gcc-6.3-arm32-eabi/arm-none-eabi/newlib/lib/thumb/v7e-m/fpv4-sp/hard\libc_nano.a(lib_a-impure.o)
                0x1fff8478                . = ALIGN (0x4)
                0x1fff8478                __data_end__ = .
                0x00001b34                __DATA_END = (__DATA_ROM + (__data_end__ - __data_start__))
                0x00001b34                __CODE_ROM = __DATA_END

.igot.plt       0x1fff8478        0x0 load address 0x00001b34
 .igot.plt      0x1fff8478        0x0 c:/nxp/s32ds.3.4/s32ds/build_tools/gcc_v6.3/gcc-6.3-arm32-eabi/bin/../lib/gcc/arm-none-eabi/6.3.1/thumb/v7e-m/fpv4-sp/hard/crtbegin.o

.code           0x1fff8478        0x0 load address 0x00001b34
                0x1fff8478                . = ALIGN (0x4)
                0x1fff8478                __CODE_RAM = .
                0x1fff8478                __code_start__ = .
                0x1fff8478                __code_ram_start__ = .
 *(.code_ram)
                0x1fff8478                . = ALIGN (0x4)
                0x1fff8478                __code_end__ = .
                0x1fff8478                __code_ram_end__ = .
                0x00001b34                __CODE_END = (__CODE_ROM + (__code_end__ - __code_start__))
                0x00001b34                __CUSTOM_ROM = __CODE_END

.customSectionBlock
                0x20000000        0x0 load address 0x00001b34
                0x20000000                __customSection_start__ = .
 *(.customSection)
                0x20000000                __customSection_end__ = .
                0x00001b34                __CUSTOM_END = (__CUSTOM_ROM + (__customSection_end__ - __customSection_start__))
                0x00001b34                __rom_end = __CUSTOM_END

.bss            0x20000000       0x90
                0x20000000                . = ALIGN (0x4)
                0x20000000                __BSS_START = .
                0x20000000                __bss_start__ = .
 *(.bss)
 *(.bss*)
 .bss.__malloc_free_list
                0x20000000        0x4 C:/nxp/S32DS.3.4/S32DS/build_tools/gcc_b1620/gcc-6.3-arm32-eabi/arm-none-eabi/newlib/lib/thumb/v7e-m/fpv4-sp/hard\libc_nano.a(lib_a-nano-mallocr.o)
                0x20000000                __malloc_free_list
 .bss.__malloc_sbrk_start
                0x20000004        0x4 C:/nxp/S32DS.3.4/S32DS/build_tools/gcc_b1620/gcc-6.3-arm32-eabi/arm-none-eabi/newlib/lib/thumb/v7e-m/fpv4-sp/hard\libc_nano.a(lib_a-nano-mallocr.o)
                0x20000004                __malloc_sbrk_start
 .bss.errno     0x20000008        0x4 C:/nxp/S32DS.3.4/S32DS/build_tools/gcc_b1620/gcc-6.3-arm32-eabi/arm-none-eabi/newlib/lib/thumb/v7e-m/fpv4-sp/hard\libc_nano.a(lib_a-reent.o)
                0x20000008                errno
 .bss.heap_end.5365
                0x2000000c        0x4 C:/nxp/S32DS.3.4/S32DS/build_tools/gcc_b1620/gcc-6.3-arm32-eabi/arm-none-eabi/newlib/lib/thumb/v7e-m/fpv4-sp/hard\libnosys.a(sbrk.o)
 *(COMMON)
 COMMON         0x20000010       0x80 ./src/main.o
                0x20000010                str_data
                0x20000090                . = ALIGN (0x4)
                0x20000090                __bss_end__ = .
                0x20000090                __BSS_END = .

.heap           0x20000090      0x400
                0x20000090                . = ALIGN (0x8)
                0x20000090                __end__ = .
                0x20000090                __heap_start__ = .
                0x20000090                PROVIDE (end, .)
                [!provide]                PROVIDE (_end, .)
                [!provide]                PROVIDE (__end, .)
                0x20000090                __HeapBase = .
                0x20000490                . = (. + HEAP_SIZE)
 *fill*         0x20000090      0x400 
                0x20000490                __HeapLimit = .
                0x20000490                __heap_limit = .
                0x20000490                __heap_end__ = .
                0x20007000                __StackTop = (ORIGIN (m_data_2) + LENGTH (m_data_2))
                0x20006c00                __StackLimit = (__StackTop - STACK_SIZE)
                0x20007000                PROVIDE (__stack, __StackTop)
                0x20007000                __RAM_END = __StackTop

.stack          0x20006c00      0x400
                0x20006c00                . = ALIGN (0x8)
                0x20006c00                __stack_start__ = .
                0x20007000                . = (. + STACK_SIZE)
 *fill*         0x20006c00      0x400 
                0x20007000                __stack_end__ = .

.ARM.attributes
                0x00000000       0x30
 *(.ARM.attributes)
 .ARM.attributes
                0x00000000       0x22 c:/nxp/s32ds.3.4/s32ds/build_tools/gcc_v6.3/gcc-6.3-arm32-eabi/bin/../lib/gcc/arm-none-eabi/6.3.1/thumb/v7e-m/fpv4-sp/hard/crti.o
 .ARM.attributes
                0x00000022       0x1f ./Project_Settings/Startup_Code/startup_S32K144.o
 .ARM.attributes
                0x00000041       0x39 ./SDK/platform/devices/S32K144/startup/system_S32K144.o
 .ARM.attributes
                0x0000007a       0x39 ./SDK/platform/devices/startup.o
 .ARM.attributes
                0x000000b3       0x39 ./src/CAN.o
 .ARM.attributes
                0x000000ec       0x39 ./src/FTM.o
 .ARM.attributes
                0x00000125       0x39 ./src/GPIO.o
 .ARM.attributes
                0x0000015e       0x39 ./src/LPIT.o
 .ARM.attributes
                0x00000197       0x39 ./src/Middleware.o
 .ARM.attributes
                0x000001d0       0x39 ./src/PORT.o
 .ARM.attributes
                0x00000209       0x39 ./src/UART.o
 .ARM.attributes
                0x00000242       0x39 ./src/clock_and_mode.o
 .ARM.attributes
                0x0000027b       0x39 ./src/main.o
 .ARM.attributes
                0x000002b4       0x34 C:/nxp/S32DS.3.4/S32DS/build_tools/gcc_b1620/gcc-6.3-arm32-eabi/arm-none-eabi/newlib/lib/thumb/v7e-m/fpv4-sp/hard\libc_nano.a(lib_a-impure.o)
 .ARM.attributes
                0x000002e8       0x34 C:/nxp/S32DS.3.4/S32DS/build_tools/gcc_b1620/gcc-6.3-arm32-eabi/arm-none-eabi/newlib/lib/thumb/v7e-m/fpv4-sp/hard\libc_nano.a(lib_a-sprintf.o)
 .ARM.attributes
                0x0000031c       0x34 C:/nxp/S32DS.3.4/S32DS/build_tools/gcc_b1620/gcc-6.3-arm32-eabi/arm-none-eabi/newlib/lib/thumb/v7e-m/fpv4-sp/hard\libc_nano.a(lib_a-nano-svfprintf.o)
 .ARM.attributes
                0x00000350       0x34 C:/nxp/S32DS.3.4/S32DS/build_tools/gcc_b1620/gcc-6.3-arm32-eabi/arm-none-eabi/newlib/lib/thumb/v7e-m/fpv4-sp/hard\libc_nano.a(lib_a-nano-vfprintf_i.o)
 .ARM.attributes
                0x00000384       0x20 C:/nxp/S32DS.3.4/S32DS/build_tools/gcc_b1620/gcc-6.3-arm32-eabi/arm-none-eabi/newlib/lib/thumb/v7e-m/fpv4-sp/hard\libc_nano.a(lib_a-memchr.o)
 .ARM.attributes
                0x000003a4       0x34 C:/nxp/S32DS.3.4/S32DS/build_tools/gcc_b1620/gcc-6.3-arm32-eabi/arm-none-eabi/newlib/lib/thumb/v7e-m/fpv4-sp/hard\libc_nano.a(lib_a-memcpy-stub.o)
 .ARM.attributes
                0x000003d8       0x34 C:/nxp/S32DS.3.4/S32DS/build_tools/gcc_b1620/gcc-6.3-arm32-eabi/arm-none-eabi/newlib/lib/thumb/v7e-m/fpv4-sp/hard\libc_nano.a(lib_a-memmove.o)
 .ARM.attributes
                0x0000040c       0x34 C:/nxp/S32DS.3.4/S32DS/build_tools/gcc_b1620/gcc-6.3-arm32-eabi/arm-none-eabi/newlib/lib/thumb/v7e-m/fpv4-sp/hard\libc_nano.a(lib_a-nano-freer.o)
 .ARM.attributes
                0x00000440       0x34 C:/nxp/S32DS.3.4/S32DS/build_tools/gcc_b1620/gcc-6.3-arm32-eabi/arm-none-eabi/newlib/lib/thumb/v7e-m/fpv4-sp/hard\libc_nano.a(lib_a-nano-mallocr.o)
 .ARM.attributes
                0x00000474       0x34 C:/nxp/S32DS.3.4/S32DS/build_tools/gcc_b1620/gcc-6.3-arm32-eabi/arm-none-eabi/newlib/lib/thumb/v7e-m/fpv4-sp/hard\libc_nano.a(lib_a-nano-reallocr.o)
 .ARM.attributes
                0x000004a8       0x34 C:/nxp/S32DS.3.4/S32DS/build_tools/gcc_b1620/gcc-6.3-arm32-eabi/arm-none-eabi/newlib/lib/thumb/v7e-m/fpv4-sp/hard\libc_nano.a(lib_a-sbrkr.o)
 .ARM.attributes
                0x000004dc       0x34 C:/nxp/S32DS.3.4/S32DS/build_tools/gcc_b1620/gcc-6.3-arm32-eabi/arm-none-eabi/newlib/lib/thumb/v7e-m/fpv4-sp/hard\libc_nano.a(lib_a-mlock.o)
 .ARM.attributes
                0x00000510       0x34 C:/nxp/S32DS.3.4/S32DS/build_tools/gcc_b1620/gcc-6.3-arm32-eabi/arm-none-eabi/newlib/lib/thumb/v7e-m/fpv4-sp/hard\libc_nano.a(lib_a-nano-msizer.o)
 .ARM.attributes
                0x00000544       0x34 C:/nxp/S32DS.3.4/S32DS/build_tools/gcc_b1620/gcc-6.3-arm32-eabi/arm-none-eabi/newlib/lib/thumb/v7e-m/fpv4-sp/hard\libc_nano.a(lib_a-reent.o)
 .ARM.attributes
                0x00000578       0x34 C:/nxp/S32DS.3.4/S32DS/build_tools/gcc_b1620/gcc-6.3-arm32-eabi/arm-none-eabi/newlib/lib/thumb/v7e-m/fpv4-sp/hard\libnosys.a(sbrk.o)
                0x00000001                ASSERT ((__rom_end <= (ORIGIN (m_text) + LENGTH (m_text))), Region m_text overflowed!)
                0x00000001                ASSERT ((__StackLimit >= __HeapLimit), region m_data_2 overflowed with stack and heap)
OUTPUT(ASS7.elf elf32-littlearm)

.debug_line     0x00000000     0x2d8e
 .debug_line    0x00000000       0xcc ./Project_Settings/Startup_Code/startup_S32K144.o
 .debug_line    0x000000cc      0x423 ./SDK/platform/devices/S32K144/startup/system_S32K144.o
 .debug_line    0x000004ef      0x3b1 ./SDK/platform/devices/startup.o
 .debug_line    0x000008a0      0x500 ./src/CAN.o
 .debug_line    0x00000da0      0x355 ./src/FTM.o
 .debug_line    0x000010f5      0x388 ./src/GPIO.o
 .debug_line    0x0000147d      0x35d ./src/LPIT.o
 .debug_line    0x000017da      0x55e ./src/Middleware.o
 .debug_line    0x00001d38      0x3a5 ./src/PORT.o
 .debug_line    0x000020dd      0x396 ./src/UART.o
 .debug_line    0x00002473      0x38d ./src/clock_and_mode.o
 .debug_line    0x00002800      0x58e ./src/main.o

.debug_info     0x00000000     0x8679
 .debug_info    0x00000000       0x26 ./Project_Settings/Startup_Code/startup_S32K144.o
 .debug_info    0x00000026      0x521 ./SDK/platform/devices/S32K144/startup/system_S32K144.o
 .debug_info    0x00000547      0x2ad ./SDK/platform/devices/startup.o
 .debug_info    0x000007f4      0xbe1 ./src/CAN.o
 .debug_info    0x000013d5      0xc2e ./src/FTM.o
 .debug_info    0x00002003      0xacd ./src/GPIO.o
 .debug_info    0x00002ad0      0xe27 ./src/LPIT.o
 .debug_info    0x000038f7     0x13f7 ./src/Middleware.o
 .debug_info    0x00004cee      0xfb4 ./src/PORT.o
 .debug_info    0x00005ca2      0xf0c ./src/UART.o
 .debug_info    0x00006bae      0xac2 ./src/clock_and_mode.o
 .debug_info    0x00007670     0x1009 ./src/main.o

.debug_abbrev   0x00000000     0x1541
 .debug_abbrev  0x00000000       0x14 ./Project_Settings/Startup_Code/startup_S32K144.o
 .debug_abbrev  0x00000014      0x141 ./SDK/platform/devices/S32K144/startup/system_S32K144.o
 .debug_abbrev  0x00000155       0xe1 ./SDK/platform/devices/startup.o
 .debug_abbrev  0x00000236      0x224 ./src/CAN.o
 .debug_abbrev  0x0000045a      0x1eb ./src/FTM.o
 .debug_abbrev  0x00000645      0x206 ./src/GPIO.o
 .debug_abbrev  0x0000084b      0x230 ./src/LPIT.o
 .debug_abbrev  0x00000a7b      0x230 ./src/Middleware.o
 .debug_abbrev  0x00000cab      0x263 ./src/PORT.o
 .debug_abbrev  0x00000f0e      0x261 ./src/UART.o
 .debug_abbrev  0x0000116f      0x1b4 ./src/clock_and_mode.o
 .debug_abbrev  0x00001323      0x21e ./src/main.o

.debug_aranges  0x00000000      0x2b0
 .debug_aranges
                0x00000000       0x20 ./Project_Settings/Startup_Code/startup_S32K144.o
 .debug_aranges
                0x00000020       0x30 ./SDK/platform/devices/S32K144/startup/system_S32K144.o
 .debug_aranges
                0x00000050       0x20 ./SDK/platform/devices/startup.o
 .debug_aranges
                0x00000070       0x60 ./src/CAN.o
 .debug_aranges
                0x000000d0       0x38 ./src/FTM.o
 .debug_aranges
                0x00000108       0x40 ./src/GPIO.o
 .debug_aranges
                0x00000148       0x30 ./src/LPIT.o
 .debug_aranges
                0x00000178       0x48 ./src/Middleware.o
 .debug_aranges
                0x000001c0       0x40 ./src/PORT.o
 .debug_aranges
                0x00000200       0x40 ./src/UART.o
 .debug_aranges
                0x00000240       0x38 ./src/clock_and_mode.o
 .debug_aranges
                0x00000278       0x38 ./src/main.o

.debug_str      0x00000000    0x6e83c
 .debug_str     0x00000000       0x9d ./Project_Settings/Startup_Code/startup_S32K144.o
 .debug_str     0x0000009d    0x6939a ./SDK/platform/devices/S32K144/startup/system_S32K144.o
                              0x6951d (size before relaxing)
 .debug_str     0x00069437      0x399 ./SDK/platform/devices/startup.o
                              0x6968f (size before relaxing)
 .debug_str     0x000697d0      0xc88 ./src/CAN.o
                              0x69f3d (size before relaxing)
 .debug_str     0x0006a458     0x34a8 ./src/FTM.o
                              0x66dbd (size before relaxing)
 .debug_str     0x0006d900      0x123 ./src/GPIO.o
                              0x66d31 (size before relaxing)
 .debug_str     0x0006da23       0xbf ./src/LPIT.o
                              0x67341 (size before relaxing)
 .debug_str     0x0006dae2      0x415 ./src/Middleware.o
                              0x6d668 (size before relaxing)
 .debug_str     0x0006def7       0x6c ./src/PORT.o
                              0x67489 (size before relaxing)
 .debug_str     0x0006df63       0xb8 ./src/UART.o
                              0x674e3 (size before relaxing)
 .debug_str     0x0006e01b       0x57 ./src/clock_and_mode.o
                              0x66d59 (size before relaxing)
 .debug_str     0x0006e072      0x7ca ./src/main.o
                              0x6d645 (size before relaxing)

.debug_loc      0x00000000      0x830
 .debug_loc     0x00000000       0xeb ./SDK/platform/devices/S32K144/startup/system_S32K144.o
 .debug_loc     0x000000eb       0xec ./SDK/platform/devices/startup.o
 .debug_loc     0x000001d7      0x271 ./src/CAN.o
 .debug_loc     0x00000448       0x84 ./src/FTM.o
 .debug_loc     0x000004cc      0x162 ./src/GPIO.o
 .debug_loc     0x0000062e       0x58 ./src/LPIT.o
 .debug_loc     0x00000686      0x135 ./src/PORT.o
 .debug_loc     0x000007bb       0x75 ./src/UART.o

.debug_ranges   0x00000000      0x1e0
 .debug_ranges  0x00000000       0x20 ./SDK/platform/devices/S32K144/startup/system_S32K144.o
 .debug_ranges  0x00000020       0x10 ./SDK/platform/devices/startup.o
 .debug_ranges  0x00000030       0x50 ./src/CAN.o
 .debug_ranges  0x00000080       0x28 ./src/FTM.o
 .debug_ranges  0x000000a8       0x30 ./src/GPIO.o
 .debug_ranges  0x000000d8       0x20 ./src/LPIT.o
 .debug_ranges  0x000000f8       0x38 ./src/Middleware.o
 .debug_ranges  0x00000130       0x30 ./src/PORT.o
 .debug_ranges  0x00000160       0x30 ./src/UART.o
 .debug_ranges  0x00000190       0x28 ./src/clock_and_mode.o
 .debug_ranges  0x000001b8       0x28 ./src/main.o

.debug_macro    0x00000000    0x20edd
 .debug_macro   0x00000000       0xb6 ./SDK/platform/devices/S32K144/startup/system_S32K144.o
 .debug_macro   0x000000b6      0x8d4 ./SDK/platform/devices/S32K144/startup/system_S32K144.o
 .debug_macro   0x0000098a       0x10 ./SDK/platform/devices/S32K144/startup/system_S32K144.o
 .debug_macro   0x0000099a       0x79 ./SDK/platform/devices/S32K144/startup/system_S32K144.o
 .debug_macro   0x00000a13       0x19 ./SDK/platform/devices/S32K144/startup/system_S32K144.o
 .debug_macro   0x00000a2c       0x22 ./SDK/platform/devices/S32K144/startup/system_S32K144.o
 .debug_macro   0x00000a4e       0x4f ./SDK/platform/devices/S32K144/startup/system_S32K144.o
 .debug_macro   0x00000a9d       0x51 ./SDK/platform/devices/S32K144/startup/system_S32K144.o
 .debug_macro   0x00000aee       0xef ./SDK/platform/devices/S32K144/startup/system_S32K144.o
 .debug_macro   0x00000bdd       0x6a ./SDK/platform/devices/S32K144/startup/system_S32K144.o
 .debug_macro   0x00000c47      0x1df ./SDK/platform/devices/S32K144/startup/system_S32K144.o
 .debug_macro   0x00000e26     0xee9e ./SDK/platform/devices/S32K144/startup/system_S32K144.o
 .debug_macro   0x0000fcc4      0xbbd ./SDK/platform/devices/S32K144/startup/system_S32K144.o
 .debug_macro   0x00010881       0x22 ./SDK/platform/devices/S32K144/startup/system_S32K144.o
 .debug_macro   0x000108a3       0x28 ./SDK/platform/devices/S32K144/startup/system_S32K144.o
 .debug_macro   0x000108cb       0xb6 ./SDK/platform/devices/startup.o
 .debug_macro   0x00010981     0xeeb3 ./SDK/platform/devices/startup.o
 .debug_macro   0x0001f834       0x40 ./SDK/platform/devices/startup.o
 .debug_macro   0x0001f874       0xce ./src/CAN.o
 .debug_macro   0x0001f942       0xac ./src/CAN.o
 .debug_macro   0x0001f9ee      0x130 ./src/FTM.o
 .debug_macro   0x0001fb1e       0x52 ./src/FTM.o
 .debug_macro   0x0001fb70       0x3c ./src/FTM.o
 .debug_macro   0x0001fbac       0x9c ./src/FTM.o
 .debug_macro   0x0001fc48       0x52 ./src/FTM.o
 .debug_macro   0x0001fc9a       0x1f ./src/FTM.o
 .debug_macro   0x0001fcb9       0x43 ./src/FTM.o
 .debug_macro   0x0001fcfc       0x20 ./src/FTM.o
 .debug_macro   0x0001fd1c      0x1a3 ./src/FTM.o
 .debug_macro   0x0001febf      0x330 ./src/FTM.o
 .debug_macro   0x000201ef       0x10 ./src/FTM.o
 .debug_macro   0x000201ff       0x35 ./src/FTM.o
 .debug_macro   0x00020234      0x12f ./src/GPIO.o
 .debug_macro   0x00020363       0x10 ./src/GPIO.o
 .debug_macro   0x00020373      0x14b ./src/LPIT.o
 .debug_macro   0x000204be       0x10 ./src/LPIT.o
 .debug_macro   0x000204ce      0x1ee ./src/Middleware.o
 .debug_macro   0x000206bc      0x12a ./src/PORT.o
 .debug_macro   0x000207e6      0x138 ./src/UART.o
 .debug_macro   0x0002091e      0x12f ./src/clock_and_mode.o
 .debug_macro   0x00020a4d      0x258 ./src/main.o
 .debug_macro   0x00020ca5       0x1c ./src/main.o
 .debug_macro   0x00020cc1       0x10 ./src/main.o
 .debug_macro   0x00020cd1       0x10 ./src/main.o
 .debug_macro   0x00020ce1       0xb6 ./src/main.o
 .debug_macro   0x00020d97       0x16 ./src/main.o
 .debug_macro   0x00020dad      0x130 ./src/main.o

.comment        0x00000000       0xa0
 .comment       0x00000000       0xa0 ./SDK/platform/devices/S32K144/startup/system_S32K144.o
                                 0xa1 (size before relaxing)
 .comment       0x000000a0       0xa1 ./SDK/platform/devices/startup.o
 .comment       0x000000a0       0xa1 ./src/CAN.o
 .comment       0x000000a0       0xa1 ./src/FTM.o
 .comment       0x000000a0       0xa1 ./src/GPIO.o
 .comment       0x000000a0       0xa1 ./src/LPIT.o
 .comment       0x000000a0       0xa1 ./src/Middleware.o
 .comment       0x000000a0       0xa1 ./src/PORT.o
 .comment       0x000000a0       0xa1 ./src/UART.o
 .comment       0x000000a0       0xa1 ./src/clock_and_mode.o
 .comment       0x000000a0       0xa1 ./src/main.o

.debug_frame    0x00000000      0x878
 .debug_frame   0x00000000       0x40 ./SDK/platform/devices/S32K144/startup/system_S32K144.o
 .debug_frame   0x00000040       0x2c ./SDK/platform/devices/startup.o
 .debug_frame   0x0000006c       0xe4 ./src/CAN.o
 .debug_frame   0x00000150       0x78 ./src/FTM.o
 .debug_frame   0x000001c8       0x6c ./src/GPIO.o
 .debug_frame   0x00000234       0x68 ./src/LPIT.o
 .debug_frame   0x0000029c       0xc0 ./src/Middleware.o
 .debug_frame   0x0000035c       0x90 ./src/PORT.o
 .debug_frame   0x000003ec       0x70 ./src/UART.o
 .debug_frame   0x0000045c       0x58 ./src/clock_and_mode.o
 .debug_frame   0x000004b4       0x7c ./src/main.o
 .debug_frame   0x00000530       0x70 C:/nxp/S32DS.3.4/S32DS/build_tools/gcc_b1620/gcc-6.3-arm32-eabi/arm-none-eabi/newlib/lib/thumb/v7e-m/fpv4-sp/hard\libc_nano.a(lib_a-sprintf.o)
 .debug_frame   0x000005a0       0x90 C:/nxp/S32DS.3.4/S32DS/build_tools/gcc_b1620/gcc-6.3-arm32-eabi/arm-none-eabi/newlib/lib/thumb/v7e-m/fpv4-sp/hard\libc_nano.a(lib_a-nano-svfprintf.o)
 .debug_frame   0x00000630       0x60 C:/nxp/S32DS.3.4/S32DS/build_tools/gcc_b1620/gcc-6.3-arm32-eabi/arm-none-eabi/newlib/lib/thumb/v7e-m/fpv4-sp/hard\libc_nano.a(lib_a-nano-vfprintf_i.o)
 .debug_frame   0x00000690       0x28 C:/nxp/S32DS.3.4/S32DS/build_tools/gcc_b1620/gcc-6.3-arm32-eabi/arm-none-eabi/newlib/lib/thumb/v7e-m/fpv4-sp/hard\libc_nano.a(lib_a-memcpy-stub.o)
 .debug_frame   0x000006b8       0x28 C:/nxp/S32DS.3.4/S32DS/build_tools/gcc_b1620/gcc-6.3-arm32-eabi/arm-none-eabi/newlib/lib/thumb/v7e-m/fpv4-sp/hard\libc_nano.a(lib_a-memmove.o)
 .debug_frame   0x000006e0       0x38 C:/nxp/S32DS.3.4/S32DS/build_tools/gcc_b1620/gcc-6.3-arm32-eabi/arm-none-eabi/newlib/lib/thumb/v7e-m/fpv4-sp/hard\libc_nano.a(lib_a-nano-freer.o)
 .debug_frame   0x00000718       0x2c C:/nxp/S32DS.3.4/S32DS/build_tools/gcc_b1620/gcc-6.3-arm32-eabi/arm-none-eabi/newlib/lib/thumb/v7e-m/fpv4-sp/hard\libc_nano.a(lib_a-nano-mallocr.o)
 .debug_frame   0x00000744       0x3c C:/nxp/S32DS.3.4/S32DS/build_tools/gcc_b1620/gcc-6.3-arm32-eabi/arm-none-eabi/newlib/lib/thumb/v7e-m/fpv4-sp/hard\libc_nano.a(lib_a-nano-reallocr.o)
 .debug_frame   0x00000780       0x2c C:/nxp/S32DS.3.4/S32DS/build_tools/gcc_b1620/gcc-6.3-arm32-eabi/arm-none-eabi/newlib/lib/thumb/v7e-m/fpv4-sp/hard\libc_nano.a(lib_a-sbrkr.o)
 .debug_frame   0x000007ac       0x30 C:/nxp/S32DS.3.4/S32DS/build_tools/gcc_b1620/gcc-6.3-arm32-eabi/arm-none-eabi/newlib/lib/thumb/v7e-m/fpv4-sp/hard\libc_nano.a(lib_a-mlock.o)
 .debug_frame   0x000007dc       0x20 C:/nxp/S32DS.3.4/S32DS/build_tools/gcc_b1620/gcc-6.3-arm32-eabi/arm-none-eabi/newlib/lib/thumb/v7e-m/fpv4-sp/hard\libc_nano.a(lib_a-nano-msizer.o)
 .debug_frame   0x000007fc       0x5c C:/nxp/S32DS.3.4/S32DS/build_tools/gcc_b1620/gcc-6.3-arm32-eabi/arm-none-eabi/newlib/lib/thumb/v7e-m/fpv4-sp/hard\libc_nano.a(lib_a-reent.o)
 .debug_frame   0x00000858       0x20 C:/nxp/S32DS.3.4/S32DS/build_tools/gcc_b1620/gcc-6.3-arm32-eabi/arm-none-eabi/newlib/lib/thumb/v7e-m/fpv4-sp/hard\libnosys.a(sbrk.o)
